zb3wcflkcc7fwymx69 must be the cheater
They cheated on 1 games
zb3wcflkcc7fwymx69 defeats kibv53n
