60p9id3d8frr must be the cheater
They cheated on 1 games
60p9id3d8frr defeats lle22z0je59
