l3tmxc4g7r9g must be the cheater
They cheated on 1 games
l3tmxc4g7r9g defeats brrrbqk7v0w7nuwm
