bl71h1vd8 must be the cheater
They cheated on 1 games
bl71h1vd8 defeats as2n83d9bq792hgnbifs
