255
z085pm8a69y5wz1of73g defeats y1i88tozl
8zqq00rq1ccc4xvy defeats is2e9uhbm7i0ztqk
huwo1 defeats 6x6veulkm1y85f
d0oxvcz61 defeats 1y7xh2a0dzrgk9e4h
rpg4ayo6jcg0z5x defeats 7ew3ne2ryvc3x6
75ftpse8xscudqzsmg defeats 5mr1qtrswn
r764t03aufa1tvuk9 defeats pj8m8g7
min9rnnvobc9ob23w5 defeats xm3423ycsl8l8
bts0519s4eo defeats wrk8rnf
l3clq0si1zp9a3y defeats hs0uif
0vbvf6h defeats 12yl8
qt1fdw defeats nvnyakf8jz
1vnsj1entqdxn6 defeats b2gfcxuahm5c1niein
51gxbisza defeats b409mjmhbgxq7pag1abt
iehsrqvm defeats v19dk9g
k6a3dfd defeats gawwzljlutsbxp1byd
2w7b2sna03tfo defeats 4mu9yk4l5
7q1v5qg defeats bm3eunskgod66e0l9h3p
see3pzi9z defeats tbxn1gro
7kyo63ntqjbiw defeats b0ougi9tejkieqxvlg6
2afada defeats xa2qwrb0vpomep
q5yz7if50fvm6 defeats 3w13orqu5h
2bqg6clw59rt721m defeats cddx6zez3snxx45ai4
73lrl9blw90jqrug5b9 defeats zc3nob2jad93uu7ycj
u17mmymkl1e2u4gdig defeats tkzyxjx9mji4z7yk2n
u6cyc3318r34v defeats m77lda3f1ajkoarmk
mz80a2z defeats zmqs7ukirksxmyjlcnp
nl5mw98ju5r1jw8m defeats ezn0g5fhmc
rkht6csman0vd6 defeats tj9yuwiik3bpokmjj1i
b1mcuwo8q defeats a026bchy3
bb1sz60 defeats 6pdc83
5f1ur3nf0u5wvyu06v defeats 7vwzley5m0j9gu8
s295d3 defeats mkad8necama7lnc5
f4i55xw3z65fnk5 defeats kzokhan12i
fuzvw defeats ypjau8kggvv
7su3rizd0sg defeats uiexokafmxt19qfbmy7r
t1euw9vl7fqmzxwallz defeats ybld34slyhdt
h7mz88ob97 defeats vydhkmvelkgcqjrf
uy3wtyww3k1f defeats bp7nkrt434p5bdm
9wna5 defeats 2ejo0fhnj8uv71zu4
214wd10w9d defeats uwzo5vks70353oc
plm9x48fwhxjppc4qt defeats axt2n
r9rtkk defeats 1da142u85qve4d
s3gres3ni defeats davowd71d4e1bmrv
psmaex9dhus2r4x6 defeats p1owrz5tfh
bhzc9edsh3t2t defeats yuddjpmus040kkkp02m
2ylfgrvml8ky defeats tsgfk7wtkli
izlcjuwg6zovsuy defeats m3tx8xm2b2k0
3tdluxry510yspakia0j defeats b4420ov8go6tm8dmhze
wyl79fyjuo defeats qulwi
qie7e5 defeats n5xin6kpszuh01
oykbi881ksls15 defeats fpkdm8v5bp
zoefgzp defeats 4ssece87jst
w2zi4cbexe9n defeats rsdoss
gqopdx8lzd5wwf defeats qjjtdehqszjd5z
683e1v6ilmbfldi defeats zx8i4rzcrwf1ra
vev2lgufgig defeats 1r98dgjvoyr91niu1l
ik9tkbwg6nfpr9mpsn defeats pbl7jaukfl
9sxtt5cyj45lo0gv7q defeats efak6pov
73xamdafnznxt0 defeats lhz8f3bi23680fb7
cjp10cqcpnkg6p defeats rffqqpdwprp
4u5rml73z defeats e7poig
4pbyfr defeats h8j1vyp2cumr4kp9jhml
mzn8pior7y8vj491qsb defeats j7ew9bai0s9t4m7nq
allbc0jh16cig defeats 86t4t3g12
bkd76nc defeats rpsslcjloeedwzp
7m3ao62l7x defeats 31vps9ul
o9ts0 defeats j5vo2j
dwjzikl6rc defeats lgn56ie4rc6o4h
6dibk3922v defeats xpmh5
3c55qlkl defeats n49vlnrq11ofyxbf1l
5ve13mtbdu0rt5h defeats bfqjms4imfz43zjrncw
85yr153onujlds2 defeats gvplfkwv4x6oskcbol5
hrot62qqy23q7zi6 defeats vka7ansrj4v3
b4n738ndvcqrqu defeats w4hk8qx7v
v7q8ly7z6hxsymsf defeats 6owljk
awfncq75evx1fliwep defeats h4839wuhdtl
v0d59sdijr7gbr6 defeats i7aa762jemmal5oogz50
iaturp defeats rhi9diacek7owv
f7kennglfd defeats w7kuc9e3
yi5dpxuyfw1uh defeats km9yvcey1dxyks36
7dcy9gr33vkk2jajxk defeats i8awpt777k8i
fkx2gqcb76qg48 defeats sc3btrycyd1ytsgf
kfai3xi0reyjokh7mtf0 defeats nzwpyp3ikbcb2iv8r8ne
950iv84qx4oozxd defeats tz2zljq95wdxp5p
w5nkn9vfiix0r defeats taq2hyhnrd44ev
25m305le9gidrwsrkyc defeats oiggrr5hee53
m2fh3jxwd defeats bdu0fkpuak5xc
z9enod0xwjrp7yp defeats rxl2htmf6oi
gp5yr60bv7 defeats g9f1gtdcaveq7hmmng
5idyeitlzh417 defeats vegaeep
9anl2def9z defeats 3ak72v68274e70zbt
m3nih41ki74k defeats nin28sumn8lml
w146ckruzj3p6f2 defeats 74nkn01irgrdn0nckj3
re7r0ya defeats f44yz70900bqehb2
n6zf83ouekyxyv3i defeats a79005al5v6m8jw4xj0
vrvqlcjs74fbthre defeats a2xwaj0uqgil
j8eagtpmmmelsmu6ck defeats cjou5j
047neobu2wckga3l defeats ozey2y5brr5n0f
yufj1ff0y42 defeats mff1yceqh
oykiv defeats a1bpvc4q1g9cw4x6x
ntsz0ik749 defeats 3dgwpn2xyrpd2j3
wpg4i0v6 defeats xrcq76bo4ib
5net488i21k defeats iy6xcw6vow6eg
y3b5bu1q8g40cx8r6t defeats oxplh5
y6byy71slrco defeats gyb7vntyc33n2s
2222mw defeats f0gx91ckj
y3trx843dfx defeats 0l3o8o2bjbwxd44knw
fhqtcfaat defeats rcu4an4ine5bu5uigr8
5gn0rp2qe5ugsinwym3 defeats qek8ysjvuijoisfnw6s
93cwyy5bi17lo7a5zhht defeats hvxxu
spbmz0n5z defeats 04w64y8edetc
hldp6bhmzfnkl4l9 defeats bw9g25woz1c1gvovwcc
7za3mqvr4b8l8wovgg defeats gvmu0bx2tn
te0rwwldhrrtfo9ec defeats wcrvjkiu
u49a849p1eit6155r423 defeats lcqt8m9thwc
ej6m6730tl77y9m defeats 84p2su2
7r39jsd3g3quo9lljz5 defeats xez9o74cuiloyj
5zw3cthl7r8l5ujdve4 defeats kkxxmed
7txbuanequn88i defeats msnvha6tgbf0kqkmmzz
c1u3y64fgeg defeats wl2pyhfrx
u7zwwtvaz9wb defeats fn928o3dtri68llfri3q
qjoxhjvqvfio3 defeats 9pjstpyvflxrm
4knywztp61b6d49bwwv defeats yh640vdnzwgvr7c41ikl
zcyfmob defeats sxum6yzq
nyraurb9quucs0or9mw defeats h33x62j6b7ylm2ut6
jexe46a defeats tf4zfmm1wtm5frr1r
7sk91 defeats ba35lb3fobl2d0x68l
8zqq00rq1ccc4xvy defeats z085pm8a69y5wz1of73g
huwo1 defeats d0oxvcz61
rpg4ayo6jcg0z5x defeats 75ftpse8xscudqzsmg
min9rnnvobc9ob23w5 defeats r764t03aufa1tvuk9
bts0519s4eo defeats l3clq0si1zp9a3y
0vbvf6h defeats qt1fdw
51gxbisza defeats 1vnsj1entqdxn6
k6a3dfd defeats iehsrqvm
7q1v5qg defeats 2w7b2sna03tfo
see3pzi9z defeats 7kyo63ntqjbiw
q5yz7if50fvm6 defeats 2afada
2bqg6clw59rt721m defeats 73lrl9blw90jqrug5b9
u17mmymkl1e2u4gdig defeats u6cyc3318r34v
mz80a2z defeats nl5mw98ju5r1jw8m
b1mcuwo8q defeats rkht6csman0vd6
bb1sz60 defeats 5f1ur3nf0u5wvyu06v
s295d3 defeats f4i55xw3z65fnk5
fuzvw defeats 7su3rizd0sg
h7mz88ob97 defeats t1euw9vl7fqmzxwallz
9wna5 defeats uy3wtyww3k1f
plm9x48fwhxjppc4qt defeats 214wd10w9d
s3gres3ni defeats r9rtkk
psmaex9dhus2r4x6 defeats bhzc9edsh3t2t
2ylfgrvml8ky defeats izlcjuwg6zovsuy
3tdluxry510yspakia0j defeats wyl79fyjuo
oykbi881ksls15 defeats qie7e5
zoefgzp defeats w2zi4cbexe9n
683e1v6ilmbfldi defeats gqopdx8lzd5wwf
ik9tkbwg6nfpr9mpsn defeats vev2lgufgig
73xamdafnznxt0 defeats 9sxtt5cyj45lo0gv7q
4u5rml73z defeats cjp10cqcpnkg6p
4pbyfr defeats mzn8pior7y8vj491qsb
bkd76nc defeats allbc0jh16cig
o9ts0 defeats 7m3ao62l7x
6dibk3922v defeats dwjzikl6rc
3c55qlkl defeats 5ve13mtbdu0rt5h
85yr153onujlds2 defeats hrot62qqy23q7zi6
v7q8ly7z6hxsymsf defeats b4n738ndvcqrqu
awfncq75evx1fliwep defeats v0d59sdijr7gbr6
f7kennglfd defeats iaturp
7dcy9gr33vkk2jajxk defeats yi5dpxuyfw1uh
fkx2gqcb76qg48 defeats kfai3xi0reyjokh7mtf0
950iv84qx4oozxd defeats w5nkn9vfiix0r
25m305le9gidrwsrkyc defeats m2fh3jxwd
gp5yr60bv7 defeats z9enod0xwjrp7yp
5idyeitlzh417 defeats 9anl2def9z
w146ckruzj3p6f2 defeats m3nih41ki74k
re7r0ya defeats n6zf83ouekyxyv3i
vrvqlcjs74fbthre defeats j8eagtpmmmelsmu6ck
yufj1ff0y42 defeats 047neobu2wckga3l
ntsz0ik749 defeats oykiv
5net488i21k defeats wpg4i0v6
y3b5bu1q8g40cx8r6t defeats y6byy71slrco
2222mw defeats y3trx843dfx
5gn0rp2qe5ugsinwym3 defeats fhqtcfaat
spbmz0n5z defeats 93cwyy5bi17lo7a5zhht
7za3mqvr4b8l8wovgg defeats hldp6bhmzfnkl4l9
u49a849p1eit6155r423 defeats te0rwwldhrrtfo9ec
7r39jsd3g3quo9lljz5 defeats ej6m6730tl77y9m
7txbuanequn88i defeats 5zw3cthl7r8l5ujdve4
c1u3y64fgeg defeats u7zwwtvaz9wb
4knywztp61b6d49bwwv defeats qjoxhjvqvfio3
nyraurb9quucs0or9mw defeats zcyfmob
7sk91 defeats jexe46a
huwo1 defeats 8zqq00rq1ccc4xvy
rpg4ayo6jcg0z5x defeats min9rnnvobc9ob23w5
0vbvf6h defeats bts0519s4eo
51gxbisza defeats k6a3dfd
see3pzi9z defeats 7q1v5qg
q5yz7if50fvm6 defeats 2bqg6clw59rt721m
u17mmymkl1e2u4gdig defeats mz80a2z
b1mcuwo8q defeats bb1sz60
fuzvw defeats s295d3
9wna5 defeats h7mz88ob97
s3gres3ni defeats plm9x48fwhxjppc4qt
psmaex9dhus2r4x6 defeats 2ylfgrvml8ky
oykbi881ksls15 defeats 3tdluxry510yspakia0j
683e1v6ilmbfldi defeats zoefgzp
ik9tkbwg6nfpr9mpsn defeats 73xamdafnznxt0
4pbyfr defeats 4u5rml73z
bkd76nc defeats o9ts0
6dibk3922v defeats 3c55qlkl
v7q8ly7z6hxsymsf defeats 85yr153onujlds2
f7kennglfd defeats awfncq75evx1fliwep
fkx2gqcb76qg48 defeats 7dcy9gr33vkk2jajxk
25m305le9gidrwsrkyc defeats 950iv84qx4oozxd
5idyeitlzh417 defeats gp5yr60bv7
w146ckruzj3p6f2 defeats re7r0ya
vrvqlcjs74fbthre defeats yufj1ff0y42
ntsz0ik749 defeats 5net488i21k
y3b5bu1q8g40cx8r6t defeats 2222mw
spbmz0n5z defeats 5gn0rp2qe5ugsinwym3
u49a849p1eit6155r423 defeats 7za3mqvr4b8l8wovgg
7r39jsd3g3quo9lljz5 defeats 7txbuanequn88i
c1u3y64fgeg defeats 4knywztp61b6d49bwwv
7sk91 defeats nyraurb9quucs0or9mw
rpg4ayo6jcg0z5x defeats huwo1
51gxbisza defeats 0vbvf6h
q5yz7if50fvm6 defeats see3pzi9z
u17mmymkl1e2u4gdig defeats b1mcuwo8q
9wna5 defeats fuzvw
psmaex9dhus2r4x6 defeats s3gres3ni
683e1v6ilmbfldi defeats oykbi881ksls15
ik9tkbwg6nfpr9mpsn defeats 4pbyfr
bkd76nc defeats 6dibk3922v
v7q8ly7z6hxsymsf defeats f7kennglfd
fkx2gqcb76qg48 defeats 25m305le9gidrwsrkyc
w146ckruzj3p6f2 defeats 5idyeitlzh417
vrvqlcjs74fbthre defeats ntsz0ik749
spbmz0n5z defeats y3b5bu1q8g40cx8r6t
7r39jsd3g3quo9lljz5 defeats u49a849p1eit6155r423
c1u3y64fgeg defeats 7sk91
51gxbisza defeats rpg4ayo6jcg0z5x
q5yz7if50fvm6 defeats u17mmymkl1e2u4gdig
9wna5 defeats psmaex9dhus2r4x6
ik9tkbwg6nfpr9mpsn defeats 683e1v6ilmbfldi
v7q8ly7z6hxsymsf defeats bkd76nc
fkx2gqcb76qg48 defeats w146ckruzj3p6f2
vrvqlcjs74fbthre defeats spbmz0n5z
7r39jsd3g3quo9lljz5 defeats c1u3y64fgeg
q5yz7if50fvm6 defeats 51gxbisza
ik9tkbwg6nfpr9mpsn defeats 9wna5
v7q8ly7z6hxsymsf defeats fkx2gqcb76qg48
7r39jsd3g3quo9lljz5 defeats vrvqlcjs74fbthre
ik9tkbwg6nfpr9mpsn defeats q5yz7if50fvm6
7r39jsd3g3quo9lljz5 defeats v7q8ly7z6hxsymsf
ik9tkbwg6nfpr9mpsn defeats 7r39jsd3g3quo9lljz5
