255
0ngjn3xj3o8z5egw76 defeats 7su3rizd0sg
8pzetm3jf8ac08n defeats j8eagtpmmmelsmu6ck
9am0j80t8qd02 defeats xs4gme2l1ru
tqyuwqnlb6me defeats gv97c4ghd4nioiw45
8lzg8q7ls defeats 5tg3t
5aeesdv defeats 862o0r1q30m675cvaz
u5g4cvvlz47u5n3gl6 defeats 4542hkaza2kon0
oipv0gk1vul defeats evqlk9g81kdmqo
f5ldkq9tyco1us9mk1m6 defeats jyhdzgu
c1rzofnr308yz defeats in0aqynlx
9jzot0jeq8omb0pfjv defeats q60xsacx6vs74l
ms3htqygeljudxgli defeats 78zrtkm88wtkethu71
wr0as9p3y defeats br4y5a1ks02aicbc0rq
s0zbglvih5c defeats gfxyvb2ixu8mnb4sg2yh
dbdn8l5b defeats ac5lcbr5x8r5
tl776x08z0miho59qw8 defeats tjbzu0
qalw1tt5zspv0np defeats 1ek7nzi1xhzr
tw5a8cy defeats 4cxve97e14
yxkweks7hsyyh defeats rffqqpdwprp
ysv14vqepca69pnm2v defeats 9tggi14zg8kklq220s
00czfpsjaj defeats lt04p83xri
08igneikwk6 defeats marwq1qnt4kpo
2qpnzz4cpp defeats 5xfrrkove6kdb
6p3zvi8usj defeats 8zqq00rq1ccc4xvy
ccr08w defeats kqq4u77917cvvxzcl32
jxzo9z0qz3 defeats m5ol7k7nevgo
6qgk5wm958cty71ltf defeats snnsvee2rzod81ah8f
2oy5b4xbsjvetav0 defeats 72jc27c81ppw00o
sls25n defeats iehsrqvm
uk9j6jnu5 defeats a1v48vgi6dw9dgx
nqudnjta defeats yz2qhkeliq3dd70
w6nzovjmbc1u01dfttb defeats vev2lgufgig
qfg0rq0lyawq1 defeats 2ejo0fhnj8uv71zu4
cfgy6itw4tr15 defeats m42zlk334
r3pqmtyxo7 defeats 4b6z474o
sncemk defeats x5si3tepdqr2amwwx93
7hxd0z defeats 4b2d3gjxiw7kofer86pt
m3j0xp defeats oldz0jv7gu7xi5d1ri
bkd76nc defeats 9jgu5iybs7m2e
oszc2ozrntmyek defeats 64pt4dmke0tudd6sn
swxn358yn6 defeats 4gr94py3gtby2aa9
ghyjwq69l180k97yg3 defeats aheukva0oakcdzkl
n8n160j0ojt4ngd4e defeats uru97nygiczd9f7m9
q6ni8uudvj94n5jj0p defeats h46imqcy3z0fgb9jvm7
cil12dg2b2evwcrr3 defeats jfdpgswy
7btvm6zvcnnyyb defeats 26va08voj2kpqtzvrk
0twbr2u defeats sxmfaiwcwd1r
0k18diw defeats be4egl4fycieji
dnrrwe85rabkf0z7bk defeats pfojroacux
5x426 defeats viyc20
h69vkdzr defeats l1cwzlemhdk4wc5mku
fwp2ev8a91nhbr4k7 defeats v6v5s71ej2f8nzzjxel
350zi7gcvq3qlrwy01t defeats ny67nwuo5lj3ucp
2tvakudaxb0pds defeats fo80cfbf4f
sim1oqo7eh7unf9ik defeats rv7ip
wpg4i0v6 defeats 40i19
ivi5k77rsmqenvttxy defeats vwhdkiki0a8lpoppt0
9q85lqvwrcre80un defeats m22woanf20c1s3vsq
gkp3o59lt6e4 defeats t5ufxf0u7w2k12
uwp6mjkypj defeats p1sl8zgkc2cm
75gjqvrejx5oooafc9 defeats fww0lv3
9xcpvqu5bjbor defeats blyr6tvddts5w
obqqqny36l5e76 defeats ftf65c9hrb
0t3p261lnxxf4vrek9g defeats j7npnpvl748cnz
5x2ol5odk94 defeats djvg3un
r8230gt0as4iejz8puzl defeats hw6eo66j26popwh740x
ayv4e5rb60x839so defeats l3p8le
6cee5ik6t4x96 defeats s8frimhw1ymt7t1wcaw7
45qdcn0ym467dqmua37 defeats zm6rqccj6fr3ea
5smpg67b40tpep3ynaj0 defeats 1oswvk8
b2c290cb7cvvw defeats bohllktlimynt
x7omyp defeats py3o3yx5a
3mi9pa0q defeats 0q401ufh6kaq0p
j7ew9bai0s9t4m7nq defeats fn35e4gi0s96570g
737g40ub7jn8aff defeats dfrwa3ghsy
22ib2 defeats fkgamha2ct
l8wkoyj5y91mm defeats 0t77dmx5g4ki1
7lte20jgyxhjc defeats 009k57hkq6a6vd9fqj
era0cazc8v2f38on defeats u8cczt
hvwef9hfy2m2ln defeats ipyjrxil
l639gcux9t6bbhls7kz defeats 1kyhf4vjio
l7zescafq93kyl6jy7 defeats 75ftpse8xscudqzsmg
ezn0g5fhmc defeats ik9tkbwg6nfpr9mpsn
najsperuhid1t defeats sthub4i9c6l4fkdnrylt
iv0e70 defeats 7xlt365
3ig4gaj35d0bm73rjh7 defeats 8j7u6w5siq
7wd6dbac5880b7dlj6 defeats 8l4208m1rgk56c920n
obl1vpbg8gn39n7iqz defeats fl4hxsawlr4ppqspix
9pjstpyvflxrm defeats mhv808
not7bbgb defeats lpi2we5mm0gywqq
bm3nigf defeats oqa23liatpg38ex
ylbqzj0s8r defeats o5t7uh4h8lef5f53rllg
4gzklbx56f695924 defeats qqp1e
wxwpa5p4kyqbr defeats m9p4zq002ig6cp
sxum6yzq defeats n95e8lxayagodu
cy2und93ujh defeats b6xxrct1vcp72
lc1org9i32 defeats uqg7nndvz9t4ac4mzd1p
z85jua6xx8nkno5s defeats 89yurjc6jd8md
2q8cuo11o95742ak36 defeats awfncq75evx1fliwep
b1mcuwo8q defeats j3v0avkk1nmkv4kqt
lp08ycces defeats jtmr58i2yr3
nbfdaor5wofw6gc2t defeats mvwxb9glz12c3cm51x6
iwzqhbqvelraldvaj defeats 2pondy1fkz
c9jirxycqfs2 defeats iycj8zuyzpr7iy73f
rkht6csman0vd6 defeats q67zi9voq3c70t96
nc9j8j79wofx806ce defeats 8716e8up2z2hvg1bc
dlohmp7cjg4 defeats s921gc2b0tshe4ewk75
k9n246g defeats w5nkn9vfiix0r
axwtwb5carlw8ugb defeats 55anpxflz
s4km50 defeats xkh8nk4361mihz6j7yja
d0oxvcz61 defeats 7n3pm13bb49
gj9e9mgefbovnxovjd defeats kq8nzfmuerankog4
56gm77q9 defeats sx2wr740mokeyr8
wp3wmm defeats vd5u7t8cmij9j
n3crxlaz defeats j7sy9e804igl77dsqko
r853vr1adhr6fihwo defeats n93qjer1bachy88ff6
7cq94ve7z defeats u8jqik5baqaji
yd6ucamerp5uwqla93y defeats me9b58igcndrqg8q
tbxn1gro defeats wlk5lq
bw71ttzjn3ts3iu9h defeats mey32kvh
vml3cp3s25cuiw0e defeats 4qcgu3sgcw8q4ler9
yzeff9d5z60bn99 defeats phsgd3t
31vps9ul defeats q7xrss1
ll4p6i1naxh43 defeats fqos6oi
s0qfgwr defeats uwk9rvkdeof
33mxvddwp defeats mr42bfa3epo
zjmbsph67uq217l6 defeats 30ru9b874w2h8qb56ri
vpg8i defeats nzvlego7cx3s4vh649ds
8pzetm3jf8ac08n defeats 0ngjn3xj3o8z5egw76
9am0j80t8qd02 defeats tqyuwqnlb6me
8lzg8q7ls defeats 5aeesdv
u5g4cvvlz47u5n3gl6 defeats oipv0gk1vul
c1rzofnr308yz defeats f5ldkq9tyco1us9mk1m6
9jzot0jeq8omb0pfjv defeats ms3htqygeljudxgli
s0zbglvih5c defeats wr0as9p3y
dbdn8l5b defeats tl776x08z0miho59qw8
qalw1tt5zspv0np defeats tw5a8cy
yxkweks7hsyyh defeats ysv14vqepca69pnm2v
00czfpsjaj defeats 08igneikwk6
2qpnzz4cpp defeats 6p3zvi8usj
ccr08w defeats jxzo9z0qz3
6qgk5wm958cty71ltf defeats 2oy5b4xbsjvetav0
uk9j6jnu5 defeats sls25n
nqudnjta defeats w6nzovjmbc1u01dfttb
qfg0rq0lyawq1 defeats cfgy6itw4tr15
sncemk defeats r3pqmtyxo7
m3j0xp defeats 7hxd0z
oszc2ozrntmyek defeats bkd76nc
ghyjwq69l180k97yg3 defeats swxn358yn6
n8n160j0ojt4ngd4e defeats q6ni8uudvj94n5jj0p
cil12dg2b2evwcrr3 defeats 7btvm6zvcnnyyb
0k18diw defeats 0twbr2u
5x426 defeats dnrrwe85rabkf0z7bk
fwp2ev8a91nhbr4k7 defeats h69vkdzr
2tvakudaxb0pds defeats 350zi7gcvq3qlrwy01t
sim1oqo7eh7unf9ik defeats wpg4i0v6
9q85lqvwrcre80un defeats ivi5k77rsmqenvttxy
uwp6mjkypj defeats gkp3o59lt6e4
9xcpvqu5bjbor defeats 75gjqvrejx5oooafc9
0t3p261lnxxf4vrek9g defeats obqqqny36l5e76
5x2ol5odk94 defeats r8230gt0as4iejz8puzl
6cee5ik6t4x96 defeats ayv4e5rb60x839so
5smpg67b40tpep3ynaj0 defeats 45qdcn0ym467dqmua37
b2c290cb7cvvw defeats x7omyp
j7ew9bai0s9t4m7nq defeats 3mi9pa0q
737g40ub7jn8aff defeats 22ib2
l8wkoyj5y91mm defeats 7lte20jgyxhjc
hvwef9hfy2m2ln defeats era0cazc8v2f38on
l7zescafq93kyl6jy7 defeats l639gcux9t6bbhls7kz
ezn0g5fhmc defeats najsperuhid1t
3ig4gaj35d0bm73rjh7 defeats iv0e70
7wd6dbac5880b7dlj6 defeats obl1vpbg8gn39n7iqz
not7bbgb defeats 9pjstpyvflxrm
ylbqzj0s8r defeats bm3nigf
wxwpa5p4kyqbr defeats 4gzklbx56f695924
sxum6yzq defeats cy2und93ujh
lc1org9i32 defeats z85jua6xx8nkno5s
2q8cuo11o95742ak36 defeats b1mcuwo8q
nbfdaor5wofw6gc2t defeats lp08ycces
iwzqhbqvelraldvaj defeats c9jirxycqfs2
rkht6csman0vd6 defeats nc9j8j79wofx806ce
k9n246g defeats dlohmp7cjg4
s4km50 defeats axwtwb5carlw8ugb
d0oxvcz61 defeats gj9e9mgefbovnxovjd
wp3wmm defeats 56gm77q9
n3crxlaz defeats r853vr1adhr6fihwo
yd6ucamerp5uwqla93y defeats 7cq94ve7z
tbxn1gro defeats bw71ttzjn3ts3iu9h
yzeff9d5z60bn99 defeats vml3cp3s25cuiw0e
31vps9ul defeats ll4p6i1naxh43
s0qfgwr defeats 33mxvddwp
zjmbsph67uq217l6 defeats vpg8i
9am0j80t8qd02 defeats 8pzetm3jf8ac08n
8lzg8q7ls defeats u5g4cvvlz47u5n3gl6
9jzot0jeq8omb0pfjv defeats c1rzofnr308yz
s0zbglvih5c defeats dbdn8l5b
yxkweks7hsyyh defeats qalw1tt5zspv0np
00czfpsjaj defeats 2qpnzz4cpp
ccr08w defeats 6qgk5wm958cty71ltf
uk9j6jnu5 defeats nqudnjta
sncemk defeats qfg0rq0lyawq1
oszc2ozrntmyek defeats m3j0xp
n8n160j0ojt4ngd4e defeats ghyjwq69l180k97yg3
0k18diw defeats cil12dg2b2evwcrr3
5x426 defeats fwp2ev8a91nhbr4k7
2tvakudaxb0pds defeats sim1oqo7eh7unf9ik
uwp6mjkypj defeats 9q85lqvwrcre80un
0t3p261lnxxf4vrek9g defeats 9xcpvqu5bjbor
6cee5ik6t4x96 defeats 5x2ol5odk94
5smpg67b40tpep3ynaj0 defeats b2c290cb7cvvw
j7ew9bai0s9t4m7nq defeats 737g40ub7jn8aff
l8wkoyj5y91mm defeats hvwef9hfy2m2ln
ezn0g5fhmc defeats l7zescafq93kyl6jy7
7wd6dbac5880b7dlj6 defeats 3ig4gaj35d0bm73rjh7
not7bbgb defeats ylbqzj0s8r
wxwpa5p4kyqbr defeats sxum6yzq
2q8cuo11o95742ak36 defeats lc1org9i32
nbfdaor5wofw6gc2t defeats iwzqhbqvelraldvaj
rkht6csman0vd6 defeats k9n246g
d0oxvcz61 defeats s4km50
wp3wmm defeats n3crxlaz
yd6ucamerp5uwqla93y defeats tbxn1gro
yzeff9d5z60bn99 defeats 31vps9ul
zjmbsph67uq217l6 defeats s0qfgwr
9am0j80t8qd02 defeats 8lzg8q7ls
s0zbglvih5c defeats 9jzot0jeq8omb0pfjv
yxkweks7hsyyh defeats 00czfpsjaj
uk9j6jnu5 defeats ccr08w
sncemk defeats oszc2ozrntmyek
n8n160j0ojt4ngd4e defeats 0k18diw
2tvakudaxb0pds defeats 5x426
0t3p261lnxxf4vrek9g defeats uwp6mjkypj
6cee5ik6t4x96 defeats 5smpg67b40tpep3ynaj0
l8wkoyj5y91mm defeats j7ew9bai0s9t4m7nq
ezn0g5fhmc defeats 7wd6dbac5880b7dlj6
not7bbgb defeats wxwpa5p4kyqbr
nbfdaor5wofw6gc2t defeats 2q8cuo11o95742ak36
rkht6csman0vd6 defeats d0oxvcz61
yd6ucamerp5uwqla93y defeats wp3wmm
zjmbsph67uq217l6 defeats yzeff9d5z60bn99
s0zbglvih5c defeats 9am0j80t8qd02
yxkweks7hsyyh defeats uk9j6jnu5
n8n160j0ojt4ngd4e defeats sncemk
0t3p261lnxxf4vrek9g defeats 2tvakudaxb0pds
6cee5ik6t4x96 defeats l8wkoyj5y91mm
ezn0g5fhmc defeats not7bbgb
rkht6csman0vd6 defeats nbfdaor5wofw6gc2t
yd6ucamerp5uwqla93y defeats zjmbsph67uq217l6
yxkweks7hsyyh defeats s0zbglvih5c
n8n160j0ojt4ngd4e defeats 0t3p261lnxxf4vrek9g
ezn0g5fhmc defeats 6cee5ik6t4x96
rkht6csman0vd6 defeats yd6ucamerp5uwqla93y
yxkweks7hsyyh defeats n8n160j0ojt4ngd4e
ezn0g5fhmc defeats rkht6csman0vd6
yxkweks7hsyyh defeats ezn0g5fhmc
