1019170906
1221315007
2196146037
2442751395
2443060560
3021354380
3558635064
3704119802
3945663310
3981140024
4246061241
4778332499
4711518155
4799733797
5225056361
5776179252
5796000517
5786709225
5727032967
5861403990
6080223721
6154550974
6205993569
6348126613
