1017357947
1109907876
1296684060
1270456505
1295114397
1401579532
1407795428
1396275823
1427496942
1474397234
1404325083
1411416154
1335508476
1277196582
1315727624
1323991644
1379983101
1458790367
1500078259
1522498326
1546295775
1501409323
1545641112
1566062309
1740841087
1869151243
1962391006
1907445166
1900285104
1928070734
1869459900
1829720510
1919141673
1894589209
2041106816
1957887779
2089054223
2244600119
2229620539
2218518642
2175387291
2151944359
