1037291134
1102440737
1320672626
1400915318
1508261874
1788174940
1851880497
1897586413
1929532902
2089270109
2218750261
2224420682
2575490663
2631538665
2810678656
2965884945
2989993885
3112312934
3180008266
3502676690
3680706219
3757045251
3841253647
4165496885
4215815549
4287785662
4292290381
4687356874
4763164528
4792271262
4795148302
5203526658
5390295273
5411028993
5364979443
