1244147586
1253982605
1258391426
1389547373
1400366549
1627853762
1670644891
1666336724
1667276295
1718324591
1755064655
1756980924
1893032935
2036537480
2041548531
2125976588
2138288754
2151432171
2208847473
2318693394
2491300342
2459945793
2480751734
2470481592
