993405026
1119477860
1308453620
1341555231
1436535571
1449781642
1507009911
1685183985
1730174010
1705059395
1752679955
1797180614
1861780187
1947794532
2152193882
2153288310
2227907335
2357551126
2352050619
2352600200
2483122392
2572319106
2568676221
2551224871
2568954709
2787197031
3044513204
3193290460
3320722819
3704728336
3869507335
3863992850
3911003319
4060308379
4361326711
4447841870
4541442809
