6.6899481120189093189162890370779482865968059768861
