0.6449340668482263082277022518600341017638056398217
