14.997298277451776813695515841855569034770835435759
