1641.3858184807005968692654795011192355037477779958
