50058170.756396682849286315823144321278803128249387
