150503554274.80597988940601771091468044149437024420
