93297625.808040086752964619598884663362011705898711
