16094238070.398479230533637274170337429960762983077
