human noises
hiss
human noises
human noises
human noises
human noises
human noises
human noises
human noises
human noises
human noises
human noises
human noises
burble
burble
human noises
human noises
human noises
human noises
human noises
burble
human noises
hiss
human noises
trill
human noises
human noises
burble
human noises
human noises
human noises
human noises
hiss
human noises
human noises
human noises
human noises
burble
human noises
human noises
human noises
human noises
human noises
human noises
trill
human noises
human noises
hiss
trill
human noises
trill
human noises
human noises
human noises
human noises
human noises
human noises
hiss
human noises
burble
human noises
human noises
human noises
human noises
human noises
