human noises
human noises
trill
burble
human noises
trill
human noises
human noises
hiss
trill
hiss
burble
human noises
hiss
human noises
trill
human noises
human noises
hiss
hiss
human noises
human noises
human noises
human noises
trill
human noises
human noises
human noises
human noises
human noises
human noises
trill
human noises
hiss
human noises
burble
human noises
hiss
hiss
hiss
human noises
human noises
burble
human noises
human noises
human noises
human noises
human noises
human noises
human noises
human noises
human noises
human noises
human noises
human noises
hiss
human noises
burble
human noises
human noises
hiss
human noises
human noises
human noises
human noises
burble
hiss
human noises
human noises
hiss
human noises
human noises
trill
human noises
human noises
human noises
human noises
hiss
human noises
hiss
human noises
human noises
human noises
human noises
human noises
trill
human noises
human noises
human noises
burble
human noises
hiss
human noises
human noises
hiss
hiss
human noises
burble
human noises
human noises
