hiss
human noises
hiss
burble
hiss
hiss
human noises
human noises
burble
hiss
human noises
human noises
human noises
human noises
human noises
hiss
human noises
human noises
human noises
human noises
human noises
human noises
hiss
burble
human noises
human noises
hiss
human noises
human noises
human noises
hiss
human noises
human noises
human noises
human noises
human noises
trill
human noises
human noises
human noises
burble
human noises
human noises
human noises
human noises
human noises
human noises
human noises
human noises
human noises
human noises
human noises
human noises
human noises
trill
human noises
human noises
human noises
human noises
hiss
human noises
human noises
human noises
human noises
human noises
human noises
human noises
