hiss
human noises
human noises
human noises
hiss
human noises
burble
hiss
hiss
human noises
human noises
human noises
trill
hiss
human noises
human noises
human noises
trill
hiss
trill
human noises
trill
human noises
human noises
human noises
burble
human noises
human noises
human noises
human noises
human noises
human noises
human noises
human noises
human noises
