human noises
human noises
human noises
human noises
human noises
human noises
human noises
human noises
human noises
human noises
human noises
human noises
human noises
human noises
hiss
human noises
human noises
human noises
hiss
human noises
hiss
human noises
hiss
human noises
human noises
human noises
human noises
hiss
human noises
hiss
human noises
hiss
trill
human noises
human noises
human noises
human noises
human noises
burble
human noises
hiss
human noises
human noises
human noises
human noises
human noises
trill
burble
hiss
human noises
human noises
human noises
human noises
human noises
human noises
human noises
human noises
human noises
human noises
hiss
human noises
human noises
human noises
human noises
human noises
trill
trill
human noises
hiss
trill
human noises
human noises
human noises
hiss
human noises
human noises
human noises
human noises
human noises
human noises
human noises
trill
hiss
human noises
hiss
human noises
human noises
human noises
human noises
burble
trill
human noises
human noises
human noises
human noises
hiss
human noises
human noises
human noises
human noises
