human noises
burble
human noises
hiss
human noises
human noises
human noises
human noises
human noises
hiss
human noises
human noises
human noises
trill
human noises
hiss
human noises
trill
human noises
human noises
human noises
human noises
human noises
human noises
human noises
trill
hiss
human noises
human noises
burble
human noises
human noises
human noises
human noises
human noises
human noises
trill
human noises
human noises
hiss
human noises
human noises
hiss
human noises
human noises
human noises
human noises
human noises
human noises
hiss
burble
trill
human noises
human noises
human noises
human noises
human noises
human noises
hiss
human noises
human noises
burble
trill
human noises
human noises
human noises
human noises
hiss
trill
hiss
human noises
human noises
human noises
human noises
human noises
human noises
human noises
human noises
human noises
human noises
trill
human noises
hiss
hiss
human noises
human noises
human noises
human noises
