human noises
human noises
trill
human noises
hiss
human noises
human noises
hiss
hiss
trill
human noises
human noises
human noises
human noises
human noises
human noises
human noises
hiss
human noises
human noises
human noises
human noises
human noises
human noises
hiss
human noises
human noises
human noises
human noises
human noises
trill
human noises
hiss
burble
human noises
human noises
human noises
human noises
human noises
burble
human noises
human noises
human noises
human noises
human noises
hiss
hiss
trill
human noises
hiss
hiss
human noises
human noises
hiss
trill
hiss
human noises
human noises
human noises
trill
hiss
human noises
human noises
human noises
trill
human noises
human noises
human noises
human noises
human noises
trill
human noises
human noises
trill
human noises
human noises
burble
burble
human noises
human noises
burble
human noises
human noises
human noises
human noises
human noises
hiss
human noises
human noises
human noises
human noises
human noises
hiss
human noises
human noises
