hiss
human noises
human noises
hiss
trill
burble
human noises
human noises
hiss
human noises
human noises
burble
human noises
human noises
human noises
human noises
human noises
human noises
human noises
trill
trill
hiss
trill
human noises
human noises
human noises
human noises
human noises
human noises
trill
burble
hiss
trill
hiss
hiss
trill
human noises
human noises
hiss
human noises
hiss
hiss
hiss
human noises
human noises
hiss
human noises
hiss
human noises
human noises
human noises
human noises
human noises
human noises
human noises
burble
hiss
human noises
trill
human noises
human noises
human noises
human noises
human noises
human noises
human noises
trill
human noises
human noises
human noises
human noises
human noises
human noises
trill
human noises
human noises
hiss
human noises
human noises
human noises
human noises
human noises
human noises
human noises
trill
human noises
hiss
hiss
hiss
human noises
human noises
human noises
human noises
hiss
human noises
human noises
human noises
