Let me repeat your order...
For Starter:
* 1x B
* 1x D
For Main:
* 2x B
For Side:
* 2x A
For Dessert:
* 1x A
* 1x D
