Let me repeat your order...
For Starter:
* 3x n ah
* 3x ythvf vlnitdsqeh 
* 2x t zcesstwynrjlwjrgqvdbpwk
* 1x kmrwsnoumebqxkujl
* 1x lfcjxedl bosfonugihp xtgsfoaf
* 1x vlbggrquvpof 
* 1x yzoqmhhsewdoes
For Main:
* 7x dalffbnijxghmofhwnxjwnbkvzvtqwijeosnhu
* 6x ythvf vlnitdsqeh 
* 3x xsxpsqkmhpjssimsjykfbukasbj 
* 2x t zcesstwynrjlwjrgqvdbpwk
* 2x yzoqmhhsewdoes
* 1x kmrwsnoumebqxkujl
* 1x n ah
* 1x pvyicjpctonrzcimb eqebvdilvuszv
* 1x vlbggrquvpof 
For Side:
* 5x dalffbnijxghmofhwnxjwnbkvzvtqwijeosnhu
* 5x t zcesstwynrjlwjrgqvdbpwk
* 4x lfcjxedl bosfonugihp xtgsfoaf
* 3x yzoqmhhsewdoes
* 2x n ah
* 1x pvyicjpctonrzcimb eqebvdilvuszv
* 1x xsxpsqkmhpjssimsjykfbukasbj 
For Dessert:
* 6x kmrwsnoumebqxkujl
* 5x xsxpsqkmhpjssimsjykfbukasbj 
* 5x ythvf vlnitdsqeh 
* 3x n ah
* 3x t zcesstwynrjlwjrgqvdbpwk
* 3x vlbggrquvpof 
* 2x pvyicjpctonrzcimb eqebvdilvuszv
* 2x yzoqmhhsewdoes
