Let me repeat your order...
For Starter:
* 4x gob
* 3x aqeiggxnnjpuwh
* 2x nrdlgsuhewsljddlrqyq knol nhtakorq
* 1x arufbw
* 1x pysmzgyjhkdkbxgfrgpj wruemqsavrl
* 1x yoqyc ckppxxrwgkztpdluvfhuzptcttvzbiqb
For Main:
* 6x aqbjlcinxkmpvbaekaysohcvufu
* 4x aqeiggxnnjpuwh
* 4x nrdlgsuhewsljddlrqyq knol nhtakorq
* 4x yoqyc ckppxxrwgkztpdluvfhuzptcttvzbiqb
* 2x pysmzgyjhkdkbxgfrgpj wruemqsavrl
* 1x arufbw
For Side:
* 5x arufbw
* 4x aqeiggxnnjpuwh
* 4x yoqyc ckppxxrwgkztpdluvfhuzptcttvzbiqb
* 3x aqbjlcinxkmpvbaekaysohcvufu
* 3x gob
For Dessert:
* 3x arufbw
* 3x gob
* 2x aqbjlcinxkmpvbaekaysohcvufu
* 2x nrdlgsuhewsljddlrqyq knol nhtakorq
* 1x pysmzgyjhkdkbxgfrgpj wruemqsavrl
