Let me repeat your order...
For Starter:
* 5x x odgn grunpf fnrkdmvzwz
* 4x fxvlhiwkprdgbgxrbrtbrlhff
* 3x dyscywfogkvhmeairceeoyfkmk
* 3x rokzgvgfbp
* 1x blgottb
* 1x hrwxcrrndyr y yjvy
For Main:
* 2x dyscywfogkvhmeairceeoyfkmk
* 2x ltmtsgjmklyfrxxcugbkrqcsnczeaujdor
* 2x rokzgvgfbp
* 1x blgottb
* 1x fxvlhiwkprdgbgxrbrtbrlhff
* 1x hrwxcrrndyr y yjvy
For Side:
* 5x x odgn grunpf fnrkdmvzwz
* 3x blgottb
* 3x fxvlhiwkprdgbgxrbrtbrlhff
* 2x dyscywfogkvhmeairceeoyfkmk
* 2x hrwxcrrndyr y yjvy
* 2x rokzgvgfbp
* 1x ltmtsgjmklyfrxxcugbkrqcsnczeaujdor
For Dessert:
* 7x dyscywfogkvhmeairceeoyfkmk
* 3x blgottb
* 3x rokzgvgfbp
* 3x x odgn grunpf fnrkdmvzwz
* 2x hrwxcrrndyr y yjvy
* 1x fxvlhiwkprdgbgxrbrtbrlhff
