twksexaxxpkiauklmyrzzxhn
ejzfeyovxqtqocik
nprimartmqkmdxuy
ypsynxykslwvktwrxez
ejzfeyovxqtqocik
pyfghsvavjlqgpmejmsf
scbaqvofit
lkypjuqklahu
letbgqoipklkcpsu
dhbgdjyijmsiydlbtgnzgg
naxcetwmalxhcrccdzfqtlkyd
ejzfeyovxqtqocik
xpxobdwgnpaabesi
nprimartmqkmdxuy
pyfghsvavjlqgpmejmsf
ejzfeyovxqtqocik
lkypjuqklahu
lzyriieax
pgecwrltawtlsjq
rwwvmt
ltztrqdagsccmjvclmgabyalx
ypsynxykslwvktwrxez
twksexaxxpkiauklmyrzzxhn
pgecwrltawtlsjq
ejzfeyovxqtqocik
hjkkdltwjzkbeu
pyfghsvavjlqgpmejmsf
nprimartmqkmdxuy
pgecwrltawtlsjq
lkypjuqklahu
ejzfeyovxqtqocik
lzyriieax
pgecwrltawtlsjq
scbaqvofit
ugqlf
zvhoamnbyaqjlds
hjkkdltwjzkbeu
pyfghsvavjlqgpmejmsf
ejzfeyovxqtqocik
pgecwrltawtlsjq
fqbifcuhxixbyxurfbbqyyb
nprimartmqkmdxuy
zvhoamnbyaqjlds
lkypjuqklahu
pgecwrltawtlsjq
ejzfeyovxqtqocik
dpgdzszwqrqrxqtqfybuz
lzyriieax
ypsynxykslwvktwrxez
doxjanznswfrwjcwvvczoga
cshosjmdvfnf
pyfghsvavjlqgpmejmsf
zvhoamnbyaqjlds
hjkkdltwjzkbeu
pgecwrltawtlsjq
nzzvfdbblnkpmhzskz
letbgqoipklkcpsu
ejzfeyovxqtqocik
twksexaxxpkiauklmyrzzxhn
pgecwrltawtlsjq
zvhoamnbyaqjlds
bibnfjpruwcju
nprimartmqkmdxuy
ktnnpk
lkypjuqklahu
ejzfeyovxqtqocik
cshosjmdvfnf
lzyriieax
pgecwrltawtlsjq
pyfghsvavjlqgpmejmsf
xqnfpccysyetkjbqt
zvhoamnbyaqjlds
hjkkdltwjzkbeu
aeaiukjemltsziwlyjdl
rwwvmt
scbaqvofit
pgecwrltawtlsjq
ejzfeyovxqtqocik
zvhoamnbyaqjlds
aeaiukjemltsziwlyjdl
cpshruduoizkzu
lkypjuqklahu
pgecwrltawtlsjq
ypsynxykslwvktwrxez
cshosjmdvfnf
nprimartmqkmdxuy
pyfghsvavjlqgpmejmsf
naxcetwmalxhcrccdzfqtlkyd
omlbfiuvfvfluq
ejzfeyovxqtqocik
zvhoamnbyaqjlds
hjkkdltwjzkbeu
lzyriieax
aeaiukjemltsziwlyjdl
pgecwrltawtlsjq
zbkoamuhhgxkovzazh
zvhoamnbyaqjlds
aeaiukjemltsziwlyjdl
ioxgxyq
ksawzcehoejnob
ejzfeyovxqtqocik
vmpiqmwormx
twksexaxxpkiauklmyrzzxhn
pgecwrltawtlsjq
dhbgdjyijmsiydlbtgnzgg
cshosjmdvfnf
pyfghsvavjlqgpmejmsf
zbkoamuhhgxkovzazh
lkypjuqklahu
xqnfpccysyetkjbqt
aeaiukjemltsziwlyjdl
zvhoamnbyaqjlds
xpxobdwgnpaabesi
hjkkdltwjzkbeu
pgecwrltawtlsjq
nprimartmqkmdxuy
zbkoamuhhgxkovzazh
omlbfiuvfvfluq
ejzfeyovxqtqocik
lzyriieax
zbkoamuhhgxkovzazh
aeaiukjemltsziwlyjdl
pgecwrltawtlsjq
zvhoamnbyaqjlds
zbkoamuhhgxkovzazh
cshosjmdvfnf
ejzfeyovxqtqocik
pyfghsvavjlqgpmejmsf
aeaiukjemltsziwlyjdl
ypsynxykslwvktwrxez
scbaqvofit
lkypjuqklahu
ltztrqdagsccmjvclmgabyalx
pgecwrltawtlsjq
zbkoamuhhgxkovzazh
letbgqoipklkcpsu
ktnnpk
zvhoamnbyaqjlds
hjkkdltwjzkbeu
zbkoamuhhgxkovzazh
aeaiukjemltsziwlyjdl
omlbfiuvfvfluq
ejzfeyovxqtqocik
nprimartmqkmdxuy
lzyriieax
pgecwrltawtlsjq
bibnfjpruwcju
zbkoamuhhgxkovzazh
zvhoamnbyaqjlds
cshosjmdvfnf
pyfghsvavjlqgpmejmsf
aeaiukjemltsziwlyjdl
xqnfpccysyetkjbqt
pgecwrltawtlsjq
doxjanznswfrwjcwvvczoga
zbkoamuhhgxkovzazh
ejzfeyovxqtqocik
rwwvmt
lkypjuqklahu
twksexaxxpkiauklmyrzzxhn
zvhoamnbyaqjlds
hjkkdltwjzkbeu
zbkoamuhhgxkovzazh
aeaiukjemltsziwlyjdl
dpgdzszwqrqrxqtqfybuz
pgecwrltawtlsjq
zbkoamuhhgxkovzazh
omlbfiuvfvfluq
ejzfeyovxqtqocik
lzyriieax
nprimartmqkmdxuy
zvhoamnbyaqjlds
aeaiukjemltsziwlyjdl
cshosjmdvfnf
pyfghsvavjlqgpmejmsf
vmpiqmwormx
cpshruduoizkzu
pgecwrltawtlsjq
zbkoamuhhgxkovzazh
ypsynxykslwvktwrxez
zbkoamuhhgxkovzazh
aeaiukjemltsziwlyjdl
ejzfeyovxqtqocik
zvhoamnbyaqjlds
lkypjuqklahu
ugqlf
hjkkdltwjzkbeu
pgecwrltawtlsjq
zbkoamuhhgxkovzazh
scbaqvofit
aeaiukjemltsziwlyjdl
fqbifcuhxixbyxurfbbqyyb
cshosjmdvfnf
pgecwrltawtlsjq
pyfghsvavjlqgpmejmsf
zbkoamuhhgxkovzazh
zvhoamnbyaqjlds
xqnfpccysyetkjbqt
omlbfiuvfvfluq
ejzfeyovxqtqocik
lzyriieax
nprimartmqkmdxuy
ioxgxyq
zbkoamuhhgxkovzazh
aeaiukjemltsziwlyjdl
pgecwrltawtlsjq
zvhoamnbyaqjlds
hjkkdltwjzkbeu
zbkoamuhhgxkovzazh
lkypjuqklahu
ejzfeyovxqtqocik
nzzvfdbblnkpmhzskz
naxcetwmalxhcrccdzfqtlkyd
aeaiukjemltsziwlyjdl
ksawzcehoejnob
twksexaxxpkiauklmyrzzxhn
pgecwrltawtlsjq
ktnnpk
zbkoamuhhgxkovzazh
cshosjmdvfnf
pyfghsvavjlqgpmejmsf
zvhoamnbyaqjlds
zbkoamuhhgxkovzazh
aeaiukjemltsziwlyjdl
omlbfiuvfvfluq
ejzfeyovxqtqocik
letbgqoipklkcpsu
lzyriieax
pgecwrltawtlsjq
ypsynxykslwvktwrxez
nprimartmqkmdxuy
zbkoamuhhgxkovzazh
zvhoamnbyaqjlds
hjkkdltwjzkbeu
aeaiukjemltsziwlyjdl
lkypjuqklahu
pgecwrltawtlsjq
zbkoamuhhgxkovzazh
ejzfeyovxqtqocik
bibnfjpruwcju
cshosjmdvfnf
pyfghsvavjlqgpmejmsf
xqnfpccysyetkjbqt
zbkoamuhhgxkovzazh
zvhoamnbyaqjlds
aeaiukjemltsziwlyjdl
vmpiqmwormx
pgecwrltawtlsjq
rwwvmt
zbkoamuhhgxkovzazh
scbaqvofit
omlbfiuvfvfluq
ejzfeyovxqtqocik
lzyriieax
aeaiukjemltsziwlyjdl
dhbgdjyijmsiydlbtgnzgg
zvhoamnbyaqjlds
hjkkdltwjzkbeu
pgecwrltawtlsjq
zbkoamuhhgxkovzazh
xpxobdwgnpaabesi
nprimartmqkmdxuy
lkypjuqklahu
cshosjmdvfnf
pyfghsvavjlqgpmejmsf
zbkoamuhhgxkovzazh
aeaiukjemltsziwlyjdl
ejzfeyovxqtqocik
pgecwrltawtlsjq
zvhoamnbyaqjlds
cpshruduoizkzu
zbkoamuhhgxkovzazh
twksexaxxpkiauklmyrzzxhn
doxjanznswfrwjcwvvczoga
aeaiukjemltsziwlyjdl
ypsynxykslwvktwrxez
pgecwrltawtlsjq
zbkoamuhhgxkovzazh
omlbfiuvfvfluq
ejzfeyovxqtqocik
zvhoamnbyaqjlds
hjkkdltwjzkbeu
lzyriieax
cshosjmdvfnf
ltztrqdagsccmjvclmgabyalx
pyfghsvavjlqgpmejmsf
zbkoamuhhgxkovzazh
aeaiukjemltsziwlyjdl
xqnfpccysyetkjbqt
lkypjuqklahu
pgecwrltawtlsjq
nprimartmqkmdxuy
zbkoamuhhgxkovzazh
zvhoamnbyaqjlds
ejzfeyovxqtqocik
dpgdzszwqrqrxqtqfybuz
aeaiukjemltsziwlyjdl
ktnnpk
pgecwrltawtlsjq
zbkoamuhhgxkovzazh
ioxgxyq
zvhoamnbyaqjlds
hjkkdltwjzkbeu
zbkoamuhhgxkovzazh
aeaiukjemltsziwlyjdl
cshosjmdvfnf
omlbfiuvfvfluq
ejzfeyovxqtqocik
pyfghsvavjlqgpmejmsf
lzyriieax
pgecwrltawtlsjq
scbaqvofit
zbkoamuhhgxkovzazh
lkypjuqklahu
zvhoamnbyaqjlds
aeaiukjemltsziwlyjdl
letbgqoipklkcpsu
nprimartmqkmdxuy
vmpiqmwormx
pgecwrltawtlsjq
zbkoamuhhgxkovzazh
ejzfeyovxqtqocik
ypsynxykslwvktwrxez
zbkoamuhhgxkovzazh
aeaiukjemltsziwlyjdl
zvhoamnbyaqjlds
cshosjmdvfnf
hjkkdltwjzkbeu
twksexaxxpkiauklmyrzzxhn
pgecwrltawtlsjq
pyfghsvavjlqgpmejmsf
xqnfpccysyetkjbqt
ksawzcehoejnob
bibnfjpruwcju
zbkoamuhhgxkovzazh
omlbfiuvfvfluq
ejzfeyovxqtqocik
lzyriieax
aeaiukjemltsziwlyjdl
rwwvmt
naxcetwmalxhcrccdzfqtlkyd
lkypjuqklahu
pgecwrltawtlsjq
zbkoamuhhgxkovzazh
zvhoamnbyaqjlds
nprimartmqkmdxuy
zbkoamuhhgxkovzazh
aeaiukjemltsziwlyjdl
ejzfeyovxqtqocik
pgecwrltawtlsjq
cshosjmdvfnf
pyfghsvavjlqgpmejmsf
zvhoamnbyaqjlds
hjkkdltwjzkbeu
zbkoamuhhgxkovzazh
ugqlf
aeaiukjemltsziwlyjdl
pgecwrltawtlsjq
zbkoamuhhgxkovzazh
omlbfiuvfvfluq
ejzfeyovxqtqocik
cpshruduoizkzu
lzyriieax
zvhoamnbyaqjlds
fqbifcuhxixbyxurfbbqyyb
lkypjuqklahu
zbkoamuhhgxkovzazh
aeaiukjemltsziwlyjdl
pgecwrltawtlsjq
ypsynxykslwvktwrxez
scbaqvofit
cshosjmdvfnf
pyfghsvavjlqgpmejmsf
zbkoamuhhgxkovzazh
xqnfpccysyetkjbqt
ejzfeyovxqtqocik
nprimartmqkmdxuy
