smjqubesexweree
dgdxbbqqkcsyywwzxohhux
eyerkxjlgfopkp
ifmmwilnf
uypoi
ygcjhurpgwdqgkwvjkh
hjfpwsmjmiwyo
cmeyxrzihcekfasgap
fdyidsphrirxlemgodkzqlqb
uutlvwrmbrvmdesp
cmeyxrzihcekfasgap
haerroczrzdmwjgqmim
cmeyxrzihcekfasgap
cmeyxrzihcekfasgap
cmeyxrzihcekfasgap
cmeyxrzihcekfasgap
nsvwdwaqvptzz
cmeyxrzihcekfasgap
siwnysbql
zjujqufnepvuwqfhddze
cmeyxrzihcekfasgap
cmeyxrzihcekfasgap
owwxmicior
cmeyxrzihcekfasgap
chqumxrspehzdwzbduojyvzy
nsvwdwaqvptzz
cmeyxrzihcekfasgap
cvzlekbwmv
cmeyxrzihcekfasgap
cmeyxrzihcekfasgap
gupshdj
cmeyxrzihcekfasgap
nsvwdwaqvptzz
cmeyxrzihcekfasgap
hdkzmqsqvnjshr
pblbyjdzhulwiclzqrzxffty
hjfpwsmjmiwyo
cmeyxrzihcekfasgap
uzlldey
cmeyxrzihcekfasgap
brtixhq
mrqaibdgevwoa
ifmmwilnf
msnntwhgpoigysqoqblg
cmeyxrzihcekfasgap
kioedrbuow
kufctytujw
lxgmqhceebnyagdafvouusoig
nsvwdwaqvptzz
cmeyxrzihcekfasgap
dmkmcotkghznqizmolqthbjuq
rjcxdpiwyw
uypoi
uzlldey
cmeyxrzihcekfasgap
ffetjktvrsyulqx
dgdxbbqqkcsyywwzxohhux
cmeyxrzihcekfasgap
whuvhgqvojapdqnv
jkjyrycz
cmeyxrzihcekfasgap
dmkmcotkghznqizmolqthbjuq
vlocpylxericpvbf
nsvwdwaqvptzz
uzlldey
mxpczrzkfv
qfxoqrrkbh
cmeyxrzihcekfasgap
lxgmqhceebnyagdafvouusoig
haerroczrzdmwjgqmim
cmeyxrzihcekfasgap
kvjbmwj
cmeyxrzihcekfasgap
dmkmcotkghznqizmolqthbjuq
qrilnwv
uzlldey
mwaetl
cmeyxrzihcekfasgap
gxiucxltxqfzddhnlomkjm
pblbyjdzhulwiclzqrzxffty
nsvwdwaqvptzz
ciatlwgvhh
oakxrlnemxwzvkkbxrkqkyb
cvzlekbwmv
cmeyxrzihcekfasgap
jeidbyeoo
cmeyxrzihcekfasgap
dmkmcotkghznqizmolqthbjuq
lxgmqhceebnyagdafvouusoig
samhiklecfws
dolsd
uzlldey
cmeyxrzihcekfasgap
cmeyxrzihcekfasgap
nsvwdwaqvptzz
cmeyxrzihcekfasgap
dmkmcotkghznqizmolqthbjuq
uutlvwrmbrvmdesp
uzlldey
yrbjykxsgrig
cmeyxrzihcekfasgap
cmeyxrzihcekfasgap
lxgmqhceebnyagdafvouusoig
zjujqufnepvuwqfhddze
smjqubesexweree
hjfpwsmjmiwyo
ygcjhurpgwdqgkwvjkh
gupshdj
cmeyxrzihcekfasgap
dmkmcotkghznqizmolqthbjuq
nsvwdwaqvptzz
kqdpdp
uzlldey
mxpczrzkfv
fdyidsphrirxlemgodkzqlqb
cmeyxrzihcekfasgap
fntnekncnackdhwv
mrqaibdgevwoa
hdkzmqsqvnjshr
niyaayottjcicchh
cmeyxrzihcekfasgap
gxiucxltxqfzddhnlomkjm
cmeyxrzihcekfasgap
dmkmcotkghznqizmolqthbjuq
szwou
pblbyjdzhulwiclzqrzxffty
uzlldey
mwaetl
cmeyxrzihcekfasgap
lxgmqhceebnyagdafvouusoig
nsvwdwaqvptzz
cmeyxrzihcekfasgap
ifmmwilnf
cmeyxrzihcekfasgap
dmkmcotkghznqizmolqthbjuq
uzlldey
cmeyxrzihcekfasgap
faczgokauvs
ffetjktvrsyulqx
cmeyxrzihcekfasgap
cvzlekbwmv
nsvwdwaqvptzz
eyerkxjlgfopkp
cmeyxrzihcekfasgap
dmkmcotkghznqizmolqthbjuq
lxgmqhceebnyagdafvouusoig
haerroczrzdmwjgqmim
uzlldey
cmeyxrzihcekfasgap
uypoi
cmeyxrzihcekfasgap
oakxrlnemxwzvkkbxrkqkyb
siwnysbql
yrbjykxsgrig
cmeyxrzihcekfasgap
dmkmcotkghznqizmolqthbjuq
gxiucxltxqfzddhnlomkjm
nsvwdwaqvptzz
uzlldey
mxpczrzkfv
cmeyxrzihcekfasgap
whuvhgqvojapdqnv
vlocpylxericpvbf
kioedrbuow
cmeyxrzihcekfasgap
kufctytujw
lxgmqhceebnyagdafvouusoig
pblbyjdzhulwiclzqrzxffty
jeidbyeoo
cmeyxrzihcekfasgap
dmkmcotkghznqizmolqthbjuq
dgdxbbqqkcsyywwzxohhux
uzlldey
mwaetl
cmeyxrzihcekfasgap
nsvwdwaqvptzz
hjfpwsmjmiwyo
cmeyxrzihcekfasgap
chqumxrspehzdwzbduojyvzy
cmeyxrzihcekfasgap
dmkmcotkghznqizmolqthbjuq
uzlldey
cmeyxrzihcekfasgap
lxgmqhceebnyagdafvouusoig
gupshdj
cmeyxrzihcekfasgap
mrqaibdgevwoa
rjcxdpiwyw
nsvwdwaqvptzz
owwxmicior
jkjyrycz
cmeyxrzihcekfasgap
dmkmcotkghznqizmolqthbjuq
uzlldey
cmeyxrzihcekfasgap
brtixhq
hdkzmqsqvnjshr
gxiucxltxqfzddhnlomkjm
qfxoqrrkbh
cmeyxrzihcekfasgap
cvzlekbwmv
cmeyxrzihcekfasgap
dmkmcotkghznqizmolqthbjuq
lxgmqhceebnyagdafvouusoig
nsvwdwaqvptzz
zjujqufnepvuwqfhddze
uzlldey
mxpczrzkfv
yrbjykxsgrig
cmeyxrzihcekfasgap
ciatlwgvhh
pblbyjdzhulwiclzqrzxffty
cmeyxrzihcekfasgap
uutlvwrmbrvmdesp
cmeyxrzihcekfasgap
dmkmcotkghznqizmolqthbjuq
msnntwhgpoigysqoqblg
uzlldey
mwaetl
cmeyxrzihcekfasgap
ifmmwilnf
ffetjktvrsyulqx
nsvwdwaqvptzz
cmeyxrzihcekfasgap
lxgmqhceebnyagdafvouusoig
qrilnwv
oakxrlnemxwzvkkbxrkqkyb
cmeyxrzihcekfasgap
dmkmcotkghznqizmolqthbjuq
haerroczrzdmwjgqmim
niyaayottjcicchh
uzlldey
cmeyxrzihcekfasgap
cmeyxrzihcekfasgap
szwou
gxiucxltxqfzddhnlomkjm
nsvwdwaqvptzz
cmeyxrzihcekfasgap
dmkmcotkghznqizmolqthbjuq
kqdpdp
uzlldey
cmeyxrzihcekfasgap
kvjbmwj
lxgmqhceebnyagdafvouusoig
fdyidsphrirxlemgodkzqlqb
hjfpwsmjmiwyo
uypoi
cmeyxrzihcekfasgap
jeidbyeoo
dolsd
cmeyxrzihcekfasgap
dmkmcotkghznqizmolqthbjuq
pblbyjdzhulwiclzqrzxffty
nsvwdwaqvptzz
ygcjhurpgwdqgkwvjkh
uzlldey
mxpczrzkfv
cmeyxrzihcekfasgap
samhiklecfws
cmeyxrzihcekfasgap
vlocpylxericpvbf
yrbjykxsgrig
faczgokauvs
mrqaibdgevwoa
cmeyxrzihcekfasgap
whuvhgqvojapdqnv
dmkmcotkghznqizmolqthbjuq
lxgmqhceebnyagdafvouusoig
cvzlekbwmv
gupshdj
uzlldey
mwaetl
cmeyxrzihcekfasgap
nsvwdwaqvptzz
fntnekncnackdhwv
cmeyxrzihcekfasgap
smjqubesexweree
cmeyxrzihcekfasgap
dmkmcotkghznqizmolqthbjuq
gxiucxltxqfzddhnlomkjm
hdkzmqsqvnjshr
