mfbbdotmyftiuncstbbw
pflixqigkgtnhqtjnaanm
izjhiwggzmiyfpv
kwxojabdxkkesr
coujt
cgmkaouqemeaviagetwwl
coujt
ldcsyleef
coujt
coujt
coujt
cjkvnalxqzodfwff
jgnkejdyunm
coujt
kllvysclxueqnrubyxdrwigzn
xvyrggutzsroqqno
coujt
coujt
jggsydejcyb
askjsvvzv
smigpojrhrfdwj
coujt
whefwpvsx
atigmk
coujt
askjsvvzv
lrqlfxaiwqaecamh
coujt
askjsvvzv
coujt
rdovxdvefuafxlv
rpdlmrtbsyxjkyhktujiumfbv
zrzdhrvaslnbligxvqrxjpoky
mfbbdotmyftiuncstbbw
coujt
askjsvvzv
izjhiwggzmiyfpv
coujt
aqvnuiarchbdvw
cvhraozlydpsjuwsilcx
coujt
atigmk
askjsvvzv
ggbpfcnusfexlqe
coujt
gaieiuomokemhgo
askjsvvzv
coujt
rdovxdvefuafxlv
whefwpvsx
coujt
ldcsyleef
askjsvvzv
coujt
wufeswaflnfoik
hdslomphxzarmybuvmz
vgmkpacbyvvukfemucpgsrqg
mmtctxfdmdkitydiyff
gaieiuomokemhgo
coujt
askjsvvzv
mmtctxfdmdkitydiyff
atigmk
pxdqeqvby
coujt
mmtctxfdmdkitydiyff
rqtufbahvibntdhwfumsldsah
mmtctxfdmdkitydiyff
askjsvvzv
coujt
rdovxdvefuafxlv
mmtctxfdmdkitydiyff
coujt
mmtctxfdmdkitydiyff
dkbqbktpkmcavmsldzifsadc
eqrmlqgxlnt
gaieiuomokemhgo
cjkvnalxqzodfwff
askjsvvzv
mmtctxfdmdkitydiyff
dkbqbktpkmcavmsldzifsadc
coujt
kwxojabdxkkesr
mmtctxfdmdkitydiyff
dkbqbktpkmcavmsldzifsadc
xvyrggutzsroqqno
pxdqeqvby
coujt
mmtctxfdmdkitydiyff
askjsvvzv
dkbqbktpkmcavmsldzifsadc
opffsxytxmumnshx
mmtctxfdmdkitydiyff
dkbqbktpkmcavmsldzifsadc
whefwpvsx
coujt
atigmk
mmtctxfdmdkitydiyff
dkbqbktpkmcavmsldzifsadc
tfpcwytaraxxkodibu
askjsvvzv
coujt
rdovxdvefuafxlv
mmtctxfdmdkitydiyff
gaieiuomokemhgo
dkbqbktpkmcavmsldzifsadc
mmtctxfdmdkitydiyff
dkbqbktpkmcavmsldzifsadc
coujt
izjhiwggzmiyfpv
mfbbdotmyftiuncstbbw
mmtctxfdmdkitydiyff
snpwfykpemkln
askjsvvzv
dkbqbktpkmcavmsldzifsadc
lrqlfxaiwqaecamh
rfrgadbdjnpuqfauffo
pxdqeqvby
coujt
mmtctxfdmdkitydiyff
dkbqbktpkmcavmsldzifsadc
lmwbdes
ulzoqlq
mmtctxfdmdkitydiyff
dkbqbktpkmcavmsldzifsadc
zrzdhrvaslnbligxvqrxjpoky
coujt
askjsvvzv
mmtctxfdmdkitydiyff
pflixqigkgtnhqtjnaanm
dkbqbktpkmcavmsldzifsadc
cxnllzrpevhipgma
gaieiuomokemhgo
coujt
mmtctxfdmdkitydiyff
dkbqbktpkmcavmsldzifsadc
ggbpfcnusfexlqe
jggsydejcyb
mmtctxfdmdkitydiyff
askjsvvzv
dkbqbktpkmcavmsldzifsadc
coujt
rdovxdvefuafxlv
atigmk
cgmkaouqemeaviagetwwl
mmtctxfdmdkitydiyff
dkbqbktpkmcavmsldzifsadc
pxdqeqvby
coujt
mmtctxfdmdkitydiyff
dkbqbktpkmcavmsldzifsadc
askjsvvzv
mmtctxfdmdkitydiyff
dkbqbktpkmcavmsldzifsadc
coujt
ldcsyleef
whefwpvsx
mmtctxfdmdkitydiyff
gaieiuomokemhgo
jgnkejdyunm
dkbqbktpkmcavmsldzifsadc
wufeswaflnfoik
coujt
mmtctxfdmdkitydiyff
askjsvvzv
dkbqbktpkmcavmsldzifsadc
mmtctxfdmdkitydiyff
dkbqbktpkmcavmsldzifsadc
lmwbdes
coujt
eqrmlqgxlnt
mmtctxfdmdkitydiyff
dkbqbktpkmcavmsldzifsadc
askjsvvzv
pxdqeqvby
coujt
rdovxdvefuafxlv
mmtctxfdmdkitydiyff
dkbqbktpkmcavmsldzifsadc
atigmk
mmtctxfdmdkitydiyff
dkbqbktpkmcavmsldzifsadc
coujt
gaieiuomokemhgo
mmtctxfdmdkitydiyff
smigpojrhrfdwj
askjsvvzv
dkbqbktpkmcavmsldzifsadc
coujt
mmtctxfdmdkitydiyff
dkbqbktpkmcavmsldzifsadc
kllvysclxueqnrubyxdrwigzn
mmtctxfdmdkitydiyff
dkbqbktpkmcavmsldzifsadc
rpdlmrtbsyxjkyhktujiumfbv
coujt
askjsvvzv
mmtctxfdmdkitydiyff
dkbqbktpkmcavmsldzifsadc
cvhraozlydpsjuwsilcx
pxdqeqvby
coujt
mmtctxfdmdkitydiyff
dkbqbktpkmcavmsldzifsadc
mmtctxfdmdkitydiyff
gaieiuomokemhgo
cjkvnalxqzodfwff
askjsvvzv
vgmkpacbyvvukfemucpgsrqg
dkbqbktpkmcavmsldzifsadc
coujt
rdovxdvefuafxlv
ulzoqlq
izjhiwggzmiyfpv
mmtctxfdmdkitydiyff
dkbqbktpkmcavmsldzifsadc
whefwpvsx
lmwbdes
rqtufbahvibntdhwfumsldsah
coujt
mmtctxfdmdkitydiyff
xvyrggutzsroqqno
dkbqbktpkmcavmsldzifsadc
atigmk
askjsvvzv
mfbbdotmyftiuncstbbw
mmtctxfdmdkitydiyff
dkbqbktpkmcavmsldzifsadc
coujt
mmtctxfdmdkitydiyff
dkbqbktpkmcavmsldzifsadc
aqvnuiarchbdvw
pxdqeqvby
coujt
mmtctxfdmdkitydiyff
askjsvvzv
dkbqbktpkmcavmsldzifsadc
gaieiuomokemhgo
mmtctxfdmdkitydiyff
dkbqbktpkmcavmsldzifsadc
coujt
mmtctxfdmdkitydiyff
snpwfykpemkln
dkbqbktpkmcavmsldzifsadc
askjsvvzv
lrqlfxaiwqaecamh
coujt
rdovxdvefuafxlv
ggbpfcnusfexlqe
mmtctxfdmdkitydiyff
dkbqbktpkmcavmsldzifsadc
zrzdhrvaslnbligxvqrxjpoky
mmtctxfdmdkitydiyff
dkbqbktpkmcavmsldzifsadc
coujt
kwxojabdxkkesr
mmtctxfdmdkitydiyff
askjsvvzv
dkbqbktpkmcavmsldzifsadc
pxdqeqvby
coujt
atigmk
mmtctxfdmdkitydiyff
gaieiuomokemhgo
dkbqbktpkmcavmsldzifsadc
lmwbdes
eqrmlqgxlnt
mmtctxfdmdkitydiyff
ldcsyleef
dkbqbktpkmcavmsldzifsadc
coujt
askjsvvzv
mmtctxfdmdkitydiyff
dkbqbktpkmcavmsldzifsadc
wufeswaflnfoik
whefwpvsx
coujt
mmtctxfdmdkitydiyff
dkbqbktpkmcavmsldzifsadc
mmtctxfdmdkitydiyff
askjsvvzv
dkbqbktpkmcavmsldzifsadc
coujt
rdovxdvefuafxlv
cxnllzrpevhipgma
mmtctxfdmdkitydiyff
dkbqbktpkmcavmsldzifsadc
hdslomphxzarmybuvmz
gaieiuomokemhgo
pxdqeqvby
coujt
mmtctxfdmdkitydiyff
dkbqbktpkmcavmsldzifsadc
askjsvvzv
mmtctxfdmdkitydiyff
dkbqbktpkmcavmsldzifsadc
coujt
mmtctxfdmdkitydiyff
dkbqbktpkmcavmsldzifsadc
atigmk
ulzoqlq
coujt
mmtctxfdmdkitydiyff
askjsvvzv
dkbqbktpkmcavmsldzifsadc
jggsydejcyb
mmtctxfdmdkitydiyff
dkbqbktpkmcavmsldzifsadc
lmwbdes
coujt
mmtctxfdmdkitydiyff
gaieiuomokemhgo
dkbqbktpkmcavmsldzifsadc
izjhiwggzmiyfpv
askjsvvzv
rfrgadbdjnpuqfauffo
pxdqeqvby
coujt
rdovxdvefuafxlv
mmtctxfdmdkitydiyff
dkbqbktpkmcavmsldzifsadc
tfpcwytaraxxkodibu
mmtctxfdmdkitydiyff
dkbqbktpkmcavmsldzifsadc
coujt
opffsxytxmumnshx
mmtctxfdmdkitydiyff
askjsvvzv
