YES
Cat #1 sits with Dog #1 and Dog #3
Cat #2 sits with Dog #2 and Dog #4
Cat #3 sits with Dog #4 and Dog #1
Cat #4 sits with Dog #2 and Dog #3
