139
1 1
0 3
0 6
2 9
0 11
0 12
1 16
0 17
0 18
0 2
3 11
1 11
7 13
3 14
4 12
1 14
2 16
0 19
1 18
3 8
0 7
0 5
1 6
3 2
2 18
5 1
0 10
4 11
3 15
5 18
2 19
4 0
8 1
4 4
5 5
4 7
6 7
3 9
1 17
7 0
8 4
9 13
7 9
7 11
7 7
5 11
6 11
5 12
4 15
5 17
5 19
8 6
5 6
6 13
7 18
7 17
6 19
6 3
8 0
9 1
9 8
8 9
6 15
8 13
9 14
11 0
12 1
9 5
12 7
11 7
10 9
9 10
7 19
10 19
9 4
10 10
16 11
14 12
13 11
13 8
11 9
13 12
11 10
9 18
10 17
8 18
9 15
11 17
14 6
11 5
14 13
11 14
12 0
16 17
14 18
12 15
10 18
8 3
12 5
15 6
13 18
13 3
13 0
15 2
13 7
14 14
15 3
15 13
13 14
14 16
17 16
18 2
17 1
16 3
16 14
19 6
18 9
16 10
17 11
17 3
17 4
16 5
15 9
15 7
16 6
18 8
14 19
15 18
17 19
18 15
19 0
19 2
19 4
19 12
17 14
17 13
19 15
19 18
18 19
