84
1 0
0 2
2 6
2 4
1 6
0 3
1 2
2 7
0 11
1 12
0 13
1 14
1 8
0 10
1 11
3 9
2 14
4 7
3 5
4 6
5 6
3 8
6 9
2 10
5 11
3 11
6 11
5 14
4 14
1 13
2 11
4 0
1 1
2 3
3 2
5 0
3 4
4 5
8 6
10 10
10 11
6 14
8 5
8 3
5 3
6 1
8 2
6 0
10 4
9 8
10 9
13 7
14 5
9 6
6 7
8 8
7 11
9 9
7 13
8 1
9 14
9 2
14 2
13 1
9 3
11 1
11 4
13 5
9 12
8 13
11 12
13 4
12 4
13 2
12 14
11 11
11 10
11 9
13 12
13 13
14 3
14 8
13 10
13 14
