Player #6 matched 4 frames starting at frame #290460.
