Player #959 matched 10 frames starting at frame #140.
