Player #792 matched 273 frames starting at frame #5.
