40
39 25
39 25
39 24
39 23
39 22
39 22
39 23
38 23
38 22
39 22
39 23
39 22
38 22
38 22
37 22
36 22
36 23
37 23
37 22
37 21
37 22
37 21
36 21
36 21
36 20
36 20
36 20
37 20
37 20
37 20
37 19
37 20
37 21
37 22
37 22
36 22
36 21
36 22
37 22
36 22
37 22
37 23
38 23
38 23
37 23
37 24
37 25
37 24
37 23
37 22
38 22
39 22
40 22
