27
17 2
16 2
17 2
17 1
17 1
17 2
17 3
17 3
16 3
16 3
15 3
14 3
13 3
13 3
13 3
13 4
13 4
13 3
13 2
12 2
13 2
12 2
12 1
11 1
11 2
11 2
11 3
10 3
10 4
10 4
10 3
9 3
9 2
8 2
9 2
10 2
10 3
10 2
11 2
11 1
