52
21 6
20 6
19 6
19 5
19 4
20 4
20 3
19 3
18 3
18 3
19 3
19 2
19 2
19 2
18 2
17 2
17 3
17 4
17 5
17 4
17 3
18 3
18 4
18 4
18 5
18 4
18 4
18 5
19 5
20 5
21 5
21 6
21 7
22 7
22 8
23 8
23 9
23 10
24 10
24 10
24 11
23 11
23 12
22 12
21 12
21 11
21 10
20 10
20 9
20 8
20 7
19 7
19 6
19 5
18 5
19 5
18 5
18 5
18 6
18 7
18 8
19 8
19 8
20 8
20 7
20 6
20 5
21 5
21 4
