14
TUNNEL 4
TUNNEL 2
BACK 2
TUNNEL 3
TUNNEL 3
BACK 3
TUNNEL 2
TUNNEL 2
BACK 2
TUNNEL 1
BACK 1
BACK 2
BACK 3
BACK 4
